{
    "Convert SDF to OpenMM PDB - stub": {
        "content": [
            {
                "0": [
                    [
                        {
                            "id": "6w70",
                            "single_end": false
                        },
                        "6w70_omm.pdb:md5,d41d8cd98f00b204e9800998ecf8427e"
                    ]
                ],
                "1": [
                    "versions.yml:md5,d30eb724813f2bca4e7fd30f986215cb"
                ],
                "pdb": [
                    [
                        {
                            "id": "6w70",
                            "single_end": false
                        },
                        "6w70_omm.pdb:md5,d41d8cd98f00b204e9800998ecf8427e"
                    ]
                ],
                "versions": [
                    "versions.yml:md5,d30eb724813f2bca4e7fd30f986215cb"
                ]
            }
        ],
        "meta": {
            "nf-test": "0.9.2",
            "nextflow": "24.10.4"
        },
        "timestamp": "2025-02-26T13:12:17.038691556"
    }
}